// Jest Snapshot v1, https://goo.gl/fbAQLP

exports[`<Availabilities/> should render availabilities page 1`] = `ShallowWrapper {}`;
