// Jest Snapshot v1, https://goo.gl/fbAQLP

exports[`<AboutUs/> should render contact us page 1`] = `ShallowWrapper {}`;
