// Jest Snapshot v1, https://goo.gl/fbAQLP

exports[`<EditWorkingTimes/> should render EditWorkingTimes page 1`] = `ShallowWrapper {}`;
