// Jest Snapshot v1, https://goo.gl/fbAQLP

exports[`<ContactUs/> should render contact us page 1`] = `ShallowWrapper {}`;
