// Jest Snapshot v1, https://goo.gl/fbAQLP

exports[`<ViewWorkingTimes/> should render ViewWorkingTimes page 1`] = `ShallowWrapper {}`;
